PORTRENDER  0 ->  1 : BIT-IDENTICAL (0/16000 samples)
PORTRENDER  1 ->  2 : BIT-IDENTICAL (0/16000 samples)
PORTRENDER  2 ->  3 : BIT-IDENTICAL (0/16000 samples)
PORTRENDER  3 ->  4 : BIT-IDENTICAL (0/16000 samples)
PORTRENDER  4 ->  5 : BIT-IDENTICAL (0/16000 samples)
PORTRENDER  5 ->  6 : BIT-IDENTICAL (0/16000 samples)
PORTRENDER  6 ->  7 : BIT-IDENTICAL (0/16000 samples)
PORTRENDER  7 ->  8 : BIT-IDENTICAL (0/16000 samples)
PORTRENDER  8 ->  9 : BIT-IDENTICAL (0/16000 samples)
PORTRENDER  9 -> 10 : BIT-IDENTICAL (0/16000 samples)
PORTRENDER 10 -> 11 : BIT-IDENTICAL (0/16000 samples)
PORTRENDER 11 -> 12 : BIT-IDENTICAL (0/16000 samples)
PORTRENDER 12 -> 13 : DIFFERS (15996/16000 samples)
PORTRENDER 13 -> 14 : BIT-IDENTICAL (0/16000 samples)
PORTRENDER 14 -> 15 : BIT-IDENTICAL (0/16000 samples)
PORTRENDER 15 -> 16 : BIT-IDENTICAL (0/16000 samples)
PORTRENDER 16 -> 17 : DIFFERS (15996/16000 samples)
PORTRENDER 17 -> 18 : BIT-IDENTICAL (0/16000 samples)
PORTRENDER 18 -> 19 : BIT-IDENTICAL (0/16000 samples)
PORTRENDER 19 -> 20 : BIT-IDENTICAL (0/16000 samples)
PORTRENDER 20 -> 21 : BIT-IDENTICAL (0/16000 samples)
PORTRENDER 21 -> 22 : BIT-IDENTICAL (0/16000 samples)
PORTRENDER 22 -> 23 : BIT-IDENTICAL (0/16000 samples)
PORTRENDER 23 -> 24 : BIT-IDENTICAL (0/16000 samples)
PORTRENDER 24 -> 25 : DIFFERS (15996/16000 samples)
PORTRENDER 25 -> 26 : BIT-IDENTICAL (0/16000 samples)
PORTRENDER 26 -> 27 : BIT-IDENTICAL (0/16000 samples)
PORTRENDER 27 -> 28 : BIT-IDENTICAL (0/16000 samples)
PORTRENDER 28 -> 29 : BIT-IDENTICAL (0/16000 samples)
PORTRENDER 29 -> 30 : BIT-IDENTICAL (0/16000 samples)
PORTRENDER 30 -> 31 : BIT-IDENTICAL (0/16000 samples)
PORTRENDER 31 -> 32 : BIT-IDENTICAL (0/16000 samples)
PORTRENDER 32 -> 33 : BIT-IDENTICAL (0/16000 samples)
PORTRENDER 33 -> 34 : BIT-IDENTICAL (0/16000 samples)
PORTRENDER 34 -> 35 : BIT-IDENTICAL (0/16000 samples)
PORTRENDER 35 -> 36 : BIT-IDENTICAL (0/16000 samples)
PORTRENDER 36 -> 37 : BIT-IDENTICAL (0/16000 samples)
PORTRENDER 37 -> 38 : DIFFERS (15995/16000 samples)
PORTRENDER 38 -> 39 : BIT-IDENTICAL (0/16000 samples)
PORTRENDER 39 -> 40 : BIT-IDENTICAL (0/16000 samples)
PORTRENDER 40 -> 41 : BIT-IDENTICAL (0/16000 samples)
PORTRENDER 41 -> 42 : BIT-IDENTICAL (0/16000 samples)
PORTRENDER 42 -> 43 : BIT-IDENTICAL (0/16000 samples)
PORTRENDER 43 -> 44 : BIT-IDENTICAL (0/16000 samples)
PORTRENDER 44 -> 45 : BIT-IDENTICAL (0/16000 samples)
PORTRENDER 45 -> 46 : BIT-IDENTICAL (0/16000 samples)
PORTRENDER 46 -> 47 : BIT-IDENTICAL (0/16000 samples)
PORTRENDER 47 -> 48 : BIT-IDENTICAL (0/16000 samples)
PORTRENDER 48 -> 49 : DIFFERS (15996/16000 samples)
PORTRENDER 49 -> 50 : BIT-IDENTICAL (0/16000 samples)
PORTRENDER 50 -> 51 : DIFFERS (15996/16000 samples)
PORTRENDER 51 -> 52 : BIT-IDENTICAL (0/16000 samples)
PORTRENDER 52 -> 53 : DIFFERS (15996/16000 samples)
PORTRENDER 53 -> 54 : BIT-IDENTICAL (0/16000 samples)
PORTRENDER 54 -> 55 : BIT-IDENTICAL (0/16000 samples)
PORTRENDER 55 -> 56 : BIT-IDENTICAL (0/16000 samples)
PORTRENDER 56 -> 57 : DIFFERS (15995/16000 samples)
PORTRENDER 57 -> 58 : BIT-IDENTICAL (0/16000 samples)
PORTRENDER 58 -> 59 : BIT-IDENTICAL (0/16000 samples)
PORTRENDER 59 -> 60 : DIFFERS (15996/16000 samples)
PORTRENDER 60 -> 61 : BIT-IDENTICAL (0/16000 samples)
PORTRENDER 61 -> 62 : BIT-IDENTICAL (0/16000 samples)
PORTRENDER 62 -> 63 : BIT-IDENTICAL (0/16000 samples)
PORTRENDER 63 ->  0 : BIT-IDENTICAL (0/16000 samples)

port warm-vs-cold RENDER at 44100 Hz: 9 of 64 pairs differ
