PAIRCELLS 0 1 :
PAIRCELLS 1 2 :
PAIRCELLS 2 3 :
PAIRCELLS 3 4 :
PAIRCELLS 4 5 : 102528 102544 102576 102592 4297584 4297600 4297648 4297664 4297680 4297696 4297712 4297728 4297744 4297760 4297776 4297792 4297808 4297824 4297840 4297856 4297888 4297904 4297920 4297936 4297952 4297968 4297984
PAIRCELLS 5 6 : 6497168 6497184 6497232 6497248 6497264 6497280 6497296 6497312 6497328 6497344 6497360 6497376 6497392 6497408 6497424 6497440 6497456 6497472 6497488 6497504 10692016 10692032 10693008 10693040 10693056 10693072 10693088 10693104 10693120 10693136 10693152 10693168 10693184 10693200 10693216 10693232 10693248 10693264 10693280 10693312 10693328 10693344 10693360 10759472 10759840
PAIRCELLS 6 7 :
PAIRCELLS 7 8 : 96352 96384 96400 96416
PAIRCELLS 8 9 : 91232
PAIRCELLS 9 10 : 86288 86304 86320 87056
PAIRCELLS 10 11 : 102528 102544 102576 102592 4297584 4297600 4297648 4297664 4297680 4297696 4297712 4297728 4297744 4297760 4297776 4297792 4297808 4297824 4297840 4297856 4297888 4297904 4297920 4297936 4297952 4297968 4297984
PAIRCELLS 11 12 : 6395312 6395328 6396128 6396160 6396176 6396192 6396208 6396224 6396240 6396256 6396272 6396288 6396304 6396320 6396336 6396352 6396368 6396384 6396400 6396432 6396448 6396464 6396496 6396512
PAIRCELLS 12 13 : 91152
PAIRCELLS 13 14 :
PAIRCELLS 14 15 :
PAIRCELLS 15 16 : 102528 102544 102576 102592 4297584 4297600 4297648 4297664 4297680 4297696 4297712 4297728 4297744 4297760 4297776 4297792 4297808 4297824 4297840 4297856 4297888 4297904 4297920 4297936 4297952 4297968 4297984
PAIRCELLS 16 17 : 91152 6497168 6497184 6497232 6497248 6497264 6497280 6497296 6497312 6497328 6497344 6497360 6497376 6497392 6497408 6497424 6497440 6497456 6497472 6497488 6497504 10692016 10692032 10693008 10693040 10693056 10693072 10693088 10693104 10693120 10693136 10693152 10693168 10693184 10693200 10693216 10693232 10693248 10693264 10693280 10693312 10693328 10693344 10693360 10759472 10759840
PAIRCELLS 17 18 :
PAIRCELLS 18 19 : 102528 102544 102576 102592 4297584 4297600 4297648 4297664 4297680 4297696 4297712 4297728 4297744 4297760 4297776 4297792 4297808 4297824 4297840 4297856 4297888 4297904 4297920 4297936 4297952 4297968 4297984
PAIRCELLS 19 20 : 6395312 6395328 6396128 6396160 6396176 6396192 6396208 6396224 6396240 6396256 6396272 6396288 6396304 6396320 6396336 6396352 6396368 6396384 6396400 6396432 6396448 6396480 6396496 6396512
PAIRCELLS 20 21 : 91152 102368 102416 102432 102464 102528 102544 102560 102576 102608 102672
PAIRCELLS 21 22 : 96352 96384 96400 96416 6497168 6497184 6497232 6497248 6497264 6497280 6497296 6497312 6497328 6497344 6497360 6497376 6497392 6497408 6497424 6497440 6497456 6497472 6497488 6497504 10692016 10692032 10693008 10693040 10693056 10693072 10693088 10693104 10693120 10693136 10693152 10693168 10693184 10693200 10693216 10693232 10693248 10693264 10693280 10693312 10693328 10693344 10693360 10759472 10759840
PAIRCELLS 22 23 :
PAIRCELLS 23 24 :
PAIRCELLS 24 25 : 91152 4297584 4297600 4297648 4297664 4297680 4297696 4297712 4297728 4297744 4297760 4297776 4297792 4297808 4297824 4297840 4297856 4297888 4297904 4297920 4297936 4297952 4297968 4297984
PAIRCELLS 25 26 :
PAIRCELLS 26 27 : 102528 102544 102576 102592 4297584 4297600 4297648 4297664 4297680 4297696 4297712 4297728 4297744 4297760 4297776 4297792 4297808 4297824 4297840 4297856 4297888 4297904 4297920 4297936 4297952 4297968 4297984
PAIRCELLS 27 28 : 91152
PAIRCELLS 28 29 : 96352 96384 96400 96416 6395312 6395328 6396128 6396160 6396176 6396192 6396208 6396224 6396240 6396256 6396272 6396288 6396304 6396320 6396336 6396352 6396368 6396384 6396400 6396432 6396448 6396480 6396496 6396512
PAIRCELLS 29 30 :
PAIRCELLS 30 31 :
PAIRCELLS 31 32 : 91152
PAIRCELLS 32 33 : 102368 102416 102432 102464 102528 102544 102560 102576 102608 102672
PAIRCELLS 33 34 : 6395312 6395328 6396128 6396160 6396176 6396192 6396208 6396224 6396240 6396256 6396272 6396288 6396304 6396320 6396336 6396352 6396368 6396384 6396400 6396432 6396448 6396464 6396496 6396512
PAIRCELLS 34 35 : 102528 102544 102576 102608
PAIRCELLS 35 36 :
PAIRCELLS 36 37 : 6395312 6395328 6396128 6396160 6396176 6396192 6396208 6396224 6396240 6396256 6396272 6396288 6396304 6396320 6396336 6396352 6396368 6396384 6396400 6396432 6396448 6396464 6396496 6396512
PAIRCELLS 37 38 : 91152
PAIRCELLS 38 39 :
PAIRCELLS 39 40 : 4297584 4297600 4297648 4297664 4297680 4297696 4297712 4297728 4297744 4297760 4297776 4297792 4297808 4297824 4297840 4297856 4297888 4297904 4297920 4297936 4297952 4297968 4297984
PAIRCELLS 40 41 :
PAIRCELLS 41 42 : 96352 96384 96400 96416
PAIRCELLS 42 43 : 4297584 4297600 4297648 4297664 4297680 4297696 4297712 4297728 4297744 4297760 4297776 4297792 4297808 4297824 4297840 4297856 4297888 4297904 4297920 4297936 4297952 4297968 4297984
PAIRCELLS 43 44 : 91152 102368 102416 102432 102464 102528 102544 102560 102576 102608 102672
PAIRCELLS 44 45 : 96352 96384 96400 96416 6395312 6395328 6396128 6396160 6396176 6396192 6396208 6396224 6396240 6396256 6396272 6396288 6396304 6396320 6396336 6396352 6396368 6396384 6396400 6396432 6396448 6396480 6396496 6396512
PAIRCELLS 45 46 :
PAIRCELLS 46 47 :
PAIRCELLS 47 48 : 102528 102544 102576 102608
PAIRCELLS 48 49 : 91152 6395312 6395328 6396128 6396160 6396176 6396192 6396208 6396224 6396240 6396256 6396272 6396288 6396304 6396320 6396336 6396352 6396368 6396384 6396400 6396432 6396448 6396464 6396496 6396512
PAIRCELLS 49 50 : 6497168 6497184 6497232 6497248 6497264 6497280 6497296 6497312 6497328 6497344 6497360 6497376 6497392 6497408 6497424 6497440 6497456 6497472 6497488 6497504 10692016 10692032 10693008 10693040 10693056 10693072 10693088 10693104 10693120 10693136 10693152 10693168 10693184 10693200 10693216 10693232 10693248 10693264 10693280 10693312 10693328 10693344 10693360 10759472 10759840
PAIRCELLS 50 51 : 91152 102368 102416 102432 102464 102528 102544 102560 102576 102608 102672
PAIRCELLS 51 52 : 6395312 6395328 6396128 6396160 6396176 6396192 6396208 6396224 6396240 6396256 6396272 6396288 6396304 6396320 6396336 6396352 6396368 6396384 6396400 6396432 6396448 6396464 6396496 6396512
PAIRCELLS 52 53 : 91152
PAIRCELLS 53 54 :
PAIRCELLS 54 55 :
PAIRCELLS 55 56 : 96352 96384 96400 96416 102528 102544 102576 102592 4297584 4297600 4297648 4297664 4297680 4297696 4297712 4297728 4297744 4297760 4297776 4297792 4297808 4297824 4297840 4297856 4297888 4297904 4297920 4297936 4297952 4297968 4297984
PAIRCELLS 56 57 : 91152
PAIRCELLS 57 58 :
PAIRCELLS 58 59 : 6395312 6395328 6396128 6396160 6396176 6396192 6396208 6396224 6396240 6396256 6396272 6396288 6396304 6396320 6396336 6396352 6396368 6396384 6396400 6396432 6396448 6396464 6396496 6396512
PAIRCELLS 59 60 : 91152
PAIRCELLS 60 61 :
PAIRCELLS 61 62 : 102528 102544 102576 102592 4297584 4297600 4297648 4297664 4297680 4297696 4297712 4297728 4297744 4297760 4297776 4297792 4297808 4297824 4297840 4297856 4297888 4297904 4297920 4297936 4297952 4297968 4297984
PAIRCELLS 62 63 : 6395312 6395328 6396128 6396160 6396176 6396192 6396208 6396224 6396240 6396256 6396272 6396288 6396304 6396320 6396336 6396352 6396368 6396384 6396400 6396432 6396448 6396464 6396496 6396512
PAIRCELLS 63 0 :
