PAIR 0 1 0 0 0
PAIR 1 2 0 0 0
PAIR 2 3 0 0 0
PAIR 3 4 0 0 0
PAIR 4 5 1 1 79
PAIR 5 6 0 1 132
PAIR 6 7 0 0 0
PAIR 7 8 0 1 12
PAIR 8 9 1 1 4
PAIR 9 10 0 1 13
PAIR 10 11 1 1 79
PAIR 11 12 0 1 71
PAIR 12 13 1 1 4
PAIR 13 14 0 0 0
PAIR 14 15 0 0 0
PAIR 15 16 1 1 79
PAIR 16 17 1 1 136
PAIR 17 18 0 0 0
PAIR 18 19 1 1 79
PAIR 19 20 0 1 75
PAIR 20 21 1 1 39
PAIR 21 22 0 1 144
PAIR 22 23 0 0 0
PAIR 23 24 0 0 0
PAIR 24 25 1 1 71
PAIR 25 26 0 0 0
PAIR 26 27 1 1 79
PAIR 27 28 1 1 4
PAIR 28 29 0 1 87
PAIR 29 30 0 0 0
PAIR 30 31 0 0 0
PAIR 31 32 1 1 4
PAIR 32 33 1 1 35
PAIR 33 34 0 1 71
PAIR 34 35 1 1 14
PAIR 35 36 0 0 0
PAIR 36 37 0 1 69
PAIR 37 38 1 1 4
PAIR 38 39 0 0 0
PAIR 39 40 0 1 67
PAIR 40 41 0 0 0
PAIR 41 42 0 1 12
PAIR 42 43 0 1 67
PAIR 43 44 1 1 38
PAIR 44 45 0 1 87
PAIR 45 46 0 0 0
PAIR 46 47 0 0 0
PAIR 47 48 1 1 14
PAIR 48 49 1 1 75
PAIR 49 50 0 1 132
PAIR 50 51 1 1 39
PAIR 51 52 0 1 71
PAIR 52 53 1 1 4
PAIR 53 54 0 0 0
PAIR 54 55 0 0 0
PAIR 55 56 1 1 93
PAIR 56 57 1 1 4
PAIR 57 58 0 0 0
PAIR 58 59 0 1 71
PAIR 59 60 1 1 4
PAIR 60 61 0 0 0
PAIR 61 62 1 1 79
PAIR 62 63 0 1 71
PAIR 63 0 0 0 0

WARM vs COLD over 64 consecutive pairs at 44100:
  render_coefs differ : 24 of 64
  master_coef  differ : 41 of 64
  cell array   differ : 41 of 64 (worst 144 bytes, pair starting 21)
