[  12.4s] state0: 1365 dwords differ 44100->48000, 1365 of them return at 44100
[  12.4s]    +0x000010: 44100.0 -> 48000.0  (u32 1194083328 -> 1195081728)
[  12.4s]    +0x000220: 0.007550000213086605 -> 0.003470000112429261  (u32 1006069246 -> 996370673)
[  12.4s]    +0x000270: 0.06871149688959122 -> 0.06312868744134903  (u32 1032632477 -> 1031883165)
[  12.4s]    +0x000810: 2.176870822906494 -> 1.0  (u32 1074483674 -> 1065353216)
[  12.4s]    +0x0008f0: 0.0005557778640650213 -> 0.0002553104714024812  (u32 974238111 -> 965073713)
[  12.4s]    +0x000900: 0.002223111456260085 -> 0.0010212418856099248  (u32 991015327 -> 981850929)
[  12.4s]    +0x000ae0: 0.011337868869304657 -> 0.0052083334885537624  (u32 1010418296 -> 1001040555)
[  12.4s]    +0x000ca0: 0.011337868869304657 -> 0.0052083334885537624  (u32 1010418296 -> 1001040555)
[  12.4s]    +0x001760: 0.004988661967217922 -> 0.002291666576638818  (u32 1000568814 -> 991309769)
[  12.4s]    +0x0017b0: -0.019999999552965164 -> -0.03999999910593033  (u32 3164854026 -> 3173242634)
[  12.4s]    +0x0017c0: 0.4000000059604645 -> 1.7000000476837158  (u32 1053609165 -> 1071225242)
[  12.4s]    +0x001810: -0.000627813977189362 -> 0.0  (u32 3122959330 -> 0)
[  12.4s]    +0x001820: -0.0018109099473804235 -> 7.808469672454521e-05  (u32 3136117774 -> 950255975)
[  12.4s]    +0x001830: -0.0025511530693620443 -> -9.239390055881813e-05  (u32 3139907903 -> 3099706265)
[  12.4s]    +0x001840: -0.0015808090101927519 -> -0.001188967959024012  (u32 3134141222 -> 3130775333)
[  12.4s]    +0x001850: 0.002359533915296197 -> -0.003606483107432723  (u32 991601257 -> 3144440511)
[  12.4s]    +0x001860: 0.008297407999634743 -> -0.0070102340541779995  (u32 1007153626 -> 3152393755)
[  12.4s]    +0x001870: 0.011753905564546585 -> -0.0100967762991786  (u32 1010865012 -> 3156569331)
[  12.4s]    +0x001880: 0.0067308321595191956 -> -0.010715959593653679  (u32 1004310096 -> 3157234174)
[  12.4s]    +0x001890: -0.009135876782238483 -> -0.006385347805917263  (u32 3155537573 -> 3151051822)
[  12.4s]    +0x0018a0: -0.02960570529103279 -> 0.00492148706689477  (u32 3170011050 -> 1000424557)
[  12.4s]    +0x0018b0: -0.03964877873659134 -> 0.023953113704919815  (u32 3173148354 -> 1019492690)
[  12.4s]    +0x0018c0: -0.022207731381058693 -> 0.049610648304224014  (u32 3166039293 -> 1028338825)
[  12.4s]    +0x0018d0: 0.03089730255305767 -> 0.07886230945587158  (u32 1023220823 -> 1033994896)
[  13.0s] state8: 1365 dwords differ 44100->48000, 1365 of them return at 44100
[  13.0s]    +0x000010: 44100.0 -> 48000.0  (u32 1194083328 -> 1195081728)
[  13.0s]    +0x000220: 0.007550000213086605 -> 0.003470000112429261  (u32 1006069246 -> 996370673)
[  13.0s]    +0x000270: 0.06871149688959122 -> 0.06312868744134903  (u32 1032632477 -> 1031883165)
[  13.0s]    +0x000810: 2.176870822906494 -> 1.0  (u32 1074483674 -> 1065353216)
[  13.0s]    +0x0008f0: 0.0005557778640650213 -> 0.0002553104714024812  (u32 974238111 -> 965073713)
[  13.0s]    +0x000900: 0.002223111456260085 -> 0.0010212418856099248  (u32 991015327 -> 981850929)
[  13.0s]    +0x000ae0: 0.011337868869304657 -> 0.0052083334885537624  (u32 1010418296 -> 1001040555)
[  13.0s]    +0x000ca0: 0.011337868869304657 -> 0.0052083334885537624  (u32 1010418296 -> 1001040555)
[  13.0s]    +0x001760: 0.004988661967217922 -> 0.002291666576638818  (u32 1000568814 -> 991309769)
[  13.0s]    +0x0017b0: -0.019999999552965164 -> -0.03999999910593033  (u32 3164854026 -> 3173242634)
[  13.0s]    +0x0017c0: 0.4000000059604645 -> 1.7000000476837158  (u32 1053609165 -> 1071225242)
[  13.0s]    +0x001810: -0.000627813977189362 -> 0.0  (u32 3122959330 -> 0)
[  13.0s]    +0x001820: -0.0018109099473804235 -> 7.808469672454521e-05  (u32 3136117774 -> 950255975)
[  13.0s]    +0x001830: -0.0025511530693620443 -> -9.239390055881813e-05  (u32 3139907903 -> 3099706265)
[  13.0s]    +0x001840: -0.0015808090101927519 -> -0.001188967959024012  (u32 3134141222 -> 3130775333)
[  13.0s]    +0x001850: 0.002359533915296197 -> -0.003606483107432723  (u32 991601257 -> 3144440511)
[  13.0s]    +0x001860: 0.008297407999634743 -> -0.0070102340541779995  (u32 1007153626 -> 3152393755)
[  13.0s]    +0x001870: 0.011753905564546585 -> -0.0100967762991786  (u32 1010865012 -> 3156569331)
[  13.0s]    +0x001880: 0.0067308321595191956 -> -0.010715959593653679  (u32 1004310096 -> 3157234174)
[  13.0s]    +0x001890: -0.009135876782238483 -> -0.006385347805917263  (u32 3155537573 -> 3151051822)
[  13.0s]    +0x0018a0: -0.02960570529103279 -> 0.00492148706689477  (u32 3170011050 -> 1000424557)
[  13.0s]    +0x0018b0: -0.03964877873659134 -> 0.023953113704919815  (u32 3173148354 -> 1019492690)
[  13.0s]    +0x0018c0: -0.022207731381058693 -> 0.049610648304224014  (u32 3166039293 -> 1028338825)
[  13.0s]    +0x0018d0: 0.03089730255305767 -> 0.07886230945587158  (u32 1023220823 -> 1033994896)
[  13.0s] HOST: 1 dwords differ 44100->48000, 1 of them return at 44100
[  13.0s]    +0x000008: 44100.0 -> 48000.0  (u32 1194083328 -> 1195081728)
[  13.1s] state0 scan f32 44100: ['0x10']
[  13.1s] state0 scan f64 44100: []
[  13.2s] state0 scan i32 44100: []
[  13.2s] state0 scan f32 1/44100: []
[  13.3s] state0 scan f32 22050: []
[  13.3s] HOST scan f32 44100: ['0x8']
[  13.3s] HOST scan f64 44100: []
EXIT 0
