[  12.1s] state0: 1710 dwords differ 44100->48000, 1710 of them return at 44100
[  12.1s]    +0x000010: 44100.0 -> 48000.0  (u32 1194083328 -> 1195081728)
[  12.1s]    +0x000320: 0.06871149688959122 -> 0.06312868744134903  (u32 1032632477 -> 1031883165)
[  12.1s]    +0x000330: 0.11337868869304657 -> 0.1041666716337204  (u32 1038627606 -> 1037391190)
[  12.1s]    +0x0003a0: 2.1768706837121954e-09 -> 9.999999717180685e-10  (u32 823498730 -> 814313567)
[  12.1s]    +0x0007d0: 0.7355518937110901 -> 0.7541382908821106  (u32 1060916513 -> 1061228341)
[  12.1s]    +0x0008b0: 2.176870822906494 -> 1.0  (u32 1074483674 -> 1065353216)
[  12.1s]    +0x000c00: 0.021768707782030106 -> 0.019999999552965164  (u32 1018319946 -> 1017370378)
[  12.1s]    +0x000f40: 0.021768707782030106 -> 0.019999999552965164  (u32 1018319946 -> 1017370378)
[  12.1s]    +0x000f70: 0.999515950679779 -> 0.9991000294685364  (u32 1065345095 -> 1065338117)
[  12.1s]    +0x001800: -0.0015238095074892044 -> -0.000699999975040555  (u32 3133651600 -> 3124199476)
[  12.1s]    +0x001810: 0.005442176945507526 -> 0.0024999999441206455  (u32 1001542730 -> 992204554)
[  12.1s]    +0x001820: 0.007118367124348879 -> 0.003269999986514449  (u32 1005142321 -> 995511679)
[  12.1s]    +0x001dc0: 0.004988661967217922 -> 0.002291666576638818  (u32 1000568814 -> 991309769)
[  12.1s]    +0x001f50: 0.05438656732439995 -> 1.0  (u32 1029620851 -> 1065353216)
[  12.1s]    +0x001f60: 0.1087731346487999 -> 0.0  (u32 1038009459 -> 0)
[  12.1s]    +0x001f70: 0.05438656732439995 -> 0.0  (u32 1029620851 -> 0)
[  12.1s]    +0x001f80: 1.5688642263412476 -> 0.0  (u32 1070125195 -> 0)
[  12.1s]    +0x001f90: -0.7864105105400085 -> 0.0  (u32 3209253427 -> 0)
[  12.1s]    +0x002040: -0.4698120057582855 -> -0.4699999988079071  (u32 3203435315 -> 3203441623)
[  12.1s]    +0x0024e0: 0.004988661967217922 -> 0.002291666576638818  (u32 1000568814 -> 991309769)
[  12.1s]    +0x002550: -0.01020899973809719 -> 0.0  (u32 3156689830 -> 0)
[  12.1s]    +0x002560: 0.0028440000023692846 -> 7.013999857008457e-05  (u32 993682023 -> 949164064)
[  12.1s]    +0x002570: 0.016618000343441963 -> 0.000780860020313412  (u32 1015554681 -> 978104993)
[  12.1s]    +0x002580: 0.025467000901699066 -> 0.0023054599296301603  (u32 1020305452 -> 991369011)
[  12.7s] state8: 1710 dwords differ 44100->48000, 1710 of them return at 44100
[  12.7s]    +0x000010: 44100.0 -> 48000.0  (u32 1194083328 -> 1195081728)
[  12.7s]    +0x000320: 0.06871149688959122 -> 0.06312868744134903  (u32 1032632477 -> 1031883165)
[  12.7s]    +0x000330: 0.11337868869304657 -> 0.1041666716337204  (u32 1038627606 -> 1037391190)
[  12.7s]    +0x0003a0: 2.1768706837121954e-09 -> 9.999999717180685e-10  (u32 823498730 -> 814313567)
[  12.7s]    +0x0007d0: 0.7355518937110901 -> 0.7541382908821106  (u32 1060916513 -> 1061228341)
[  12.7s]    +0x0008b0: 2.176870822906494 -> 1.0  (u32 1074483674 -> 1065353216)
[  12.7s]    +0x000c00: 0.021768707782030106 -> 0.019999999552965164  (u32 1018319946 -> 1017370378)
[  12.7s]    +0x000f40: 0.021768707782030106 -> 0.019999999552965164  (u32 1018319946 -> 1017370378)
[  12.7s]    +0x000f70: 0.999515950679779 -> 0.9991000294685364  (u32 1065345095 -> 1065338117)
[  12.7s]    +0x001800: -0.0015238095074892044 -> -0.000699999975040555  (u32 3133651600 -> 3124199476)
[  12.7s]    +0x001810: 0.005442176945507526 -> 0.0024999999441206455  (u32 1001542730 -> 992204554)
[  12.7s]    +0x001820: 0.007118367124348879 -> 0.003269999986514449  (u32 1005142321 -> 995511679)
[  12.7s]    +0x001dc0: 0.004988661967217922 -> 0.002291666576638818  (u32 1000568814 -> 991309769)
[  12.7s]    +0x001f50: 0.05438656732439995 -> 1.0  (u32 1029620851 -> 1065353216)
[  12.7s]    +0x001f60: 0.1087731346487999 -> 0.0  (u32 1038009459 -> 0)
[  12.7s]    +0x001f70: 0.05438656732439995 -> 0.0  (u32 1029620851 -> 0)
[  12.7s]    +0x001f80: 1.5688642263412476 -> 0.0  (u32 1070125195 -> 0)
[  12.7s]    +0x001f90: -0.7864105105400085 -> 0.0  (u32 3209253427 -> 0)
[  12.7s]    +0x002040: -0.4698120057582855 -> -0.4699999988079071  (u32 3203435315 -> 3203441623)
[  12.7s]    +0x0024e0: 0.004988661967217922 -> 0.002291666576638818  (u32 1000568814 -> 991309769)
[  12.7s]    +0x002550: -0.01020899973809719 -> 0.0  (u32 3156689830 -> 0)
[  12.7s]    +0x002560: 0.0028440000023692846 -> 7.013999857008457e-05  (u32 993682023 -> 949164064)
[  12.7s]    +0x002570: 0.016618000343441963 -> 0.000780860020313412  (u32 1015554681 -> 978104993)
[  12.7s]    +0x002580: 0.025467000901699066 -> 0.0023054599296301603  (u32 1020305452 -> 991369011)
[  12.7s] HOST: 1 dwords differ 44100->48000, 1 of them return at 44100
[  12.7s]    +0x000008: 44100.0 -> 48000.0  (u32 1194083328 -> 1195081728)
[  12.7s] state0 scan f32 44100: ['0x10']
[  12.7s] state0 scan f64 44100: []
[  12.8s] state0 scan i32 44100: []
[  12.8s] state0 scan f32 1/44100: []
[  12.8s] state0 scan f32 22050: []
[  12.8s] HOST scan f32 44100: ['0x8']
[  12.8s] HOST scan f64 44100: []
EXIT 0
