[  14.7s] boot sr 44100 patch 10 'PD JP Soft Pad  ': static ok=841 fail=0 faults(static)=1 faults(after)=0; VCO1 RANGE 3 -> predicted shift +0 semis; VCO2 SUB RANGE engine 0
[  14.7s] CENSUS static init  host_map 744
[  14.7s] CENSUS HOST+BUILD   live ramps 3177, live NaN/inf 0 (all records 8010, bad 0), latch sum 8640, state+0x10 96000.0, host_map 744
[  14.7s] CENSUS SETSR 44100  live ramps 3177, live NaN/inf 0 (all records 8010, bad 0), latch sum 8640, state+0x10 44100.0, host_map 744
[  14.7s] CENSUS host_init    live ramps 3177, live NaN/inf 0 (all records 8010, bad 0), latch sum 8640, state+0x10 44100.0, host_map 744
[  14.7s] CENSUS recall 10    live ramps 3699, live NaN/inf 0 (all records 8010, bad 0), latch sum 8640, state+0x10 44100.0, host_map 744
[  14.7s] PASS boot census: live NaN/inf ramps over all stages 0; HOST via factory 150033 allocations; host_init writes 3
[  16.5s] PASS idle 4096: dry peak 0 master peak 1.57e-13 NaN 0
[  16.5s] PASS census after idle: live ramps 0 (NaN/inf 0), latch sum 0
[  17.0s] idle cost: 29960 instr/sample (code hook, 32 samples)
[  27.2s] key 48: DRY f0 131.13 Hz (+4 c) harmonic 0.964 peak 0.04872 | MASTER f0 131.10 Hz (+4 c) harmonic 0.964 peak 0.1525 | NaN 0
[  27.7s] sustain cost: 29983 instr/sample (code hook, 32 samples)
[  39.3s] FAIL release dry 48: 0.0488 -> 0.00959 | FAIL release master: 0.149 -> 0.0322 (24000 samples)
[  47.9s] key 60: DRY f0 262.32 Hz (+5 c) harmonic 0.866 peak 0.05453 | MASTER f0 262.26 Hz (+4 c) harmonic 0.876 peak 0.1759 | NaN 0
[  59.7s] FAIL release dry 60: 0.0549 -> 0.00925 | FAIL release master: 0.2 -> 0.053 (24000 samples)
[  68.3s] key 72: DRY f0 523.76 Hz (+2 c) harmonic 0.856 peak 0.05157 | MASTER f0 523.75 Hz (+2 c) harmonic 0.858 peak 0.1828 | NaN 0
[  79.6s] FAIL release dry 72: 0.0449 -> 0.0134 | FAIL release master: 0.17 -> 0.0515 (24000 samples)
[  79.6s] DRY    PASS pitch tracks keys by +0 semitones (offsets +4, +5, +2 cents) (patch VCO1 RANGE predicts +0)
[  79.6s] MASTER PASS pitch tracks keys by +0 semitones (offsets +4, +4, +2 cents)
[  79.6s] PASS NaN census 0; faults after static init 0
[  79.6s] S3 estimate (idle): 29960 x86 instr/sample x 1.75 = 52430 cyc/sample = 524% of 10,000 cyc/sample @48k (count PROVEN on this oracle; 1.75 calibration INFERRED)
[  79.6s] S3 estimate (sustain): 29983 x86 instr/sample x 1.75 = 52471 cyc/sample = 525% of 10,000 cyc/sample @48k (count PROVEN on this oracle; 1.75 calibration INFERRED)
[  79.6s] JP8 LISTEN sr 44100 patch 10: 6 FAIL
