[  14.8s] boot sr 44100 patch 10 'PD JP Soft Pad  ': static ok=841 fail=0 faults(static)=1 faults(after)=0; VCO1 RANGE 3 -> predicted shift +0 semis; VCO2 SUB RANGE engine 0
[  14.8s] CENSUS static init  host_map 744
[  14.8s] CENSUS HOST+BUILD   live ramps 3177, live NaN/inf 0 (all records 8010, bad 0), latch sum 8640, state+0x10 96000.0, host_map 744
[  14.8s] CENSUS SETSR 44100  live ramps 3177, live NaN/inf 0 (all records 8010, bad 0), latch sum 8640, state+0x10 44100.0, host_map 744
[  14.8s] CENSUS host_init    live ramps 3177, live NaN/inf 0 (all records 8010, bad 0), latch sum 8640, state+0x10 44100.0, host_map 744
[  14.8s] CENSUS recall 10    live ramps 3699, live NaN/inf 0 (all records 8010, bad 0), latch sum 8640, state+0x10 44100.0, host_map 744
[  14.8s] PASS boot census: live NaN/inf ramps over all stages 0; HOST via factory 150033 allocations; host_init writes 3
[  16.6s] PASS idle 4096: dry peak 0 master peak 1.57e-13 NaN 0
[  16.6s] PASS census after idle: live ramps 0 (NaN/inf 0), latch sum 0
[  17.1s] idle cost: 29960 instr/sample (code hook, 32 samples)
[  25.3s] key 48 EARLY: DRY f0 131.13 Hz (+4 c) harmonic 0.964 peak 0.04872 | MASTER f0 131.10 Hz (+4 c) harmonic 0.964 peak 0.1525 | NaN 0
[  25.3s] PASS key 48 engine pitch (EARLY): cells at window start u0 130.56/130.89, end u0 130.41/130.75 | DRY f0 3.1 c from the nearest VCO cell, harmonic 0.964 (law: <= 25 c, >= 0.80)
[  25.8s] sustain cost: 29983 instr/sample (code hook, 32 samples)
[  88.5s] PASS release dry 48: 0.0488 -> 0.00959 | PASS release master: 0.149 -> 0.0322 (24000 samples) | 3 s tail rule: dry 0 master 1.64e-07 at 3.0 s -> PASS/PASS
[  96.8s] key 60 EARLY: DRY f0 262.67 Hz (+7 c) harmonic 0.973 peak 0.0357 | MASTER f0 262.61 Hz (+6 c) harmonic 0.976 peak 0.1064 | NaN 0
[  96.8s] PASS key 60 engine pitch (EARLY): cells at window start u0 261.99/262.66, end u0 263.30/263.97 | DRY f0 0.1 c from the nearest VCO cell, harmonic 0.973 (law: <= 25 c, >= 0.80)
[ 159.2s] PASS release dry 60: 0.0357 -> 0.0122 | PASS release master: 0.101 -> 0.0641 (24000 samples) | 3 s tail rule: dry 0 master 2.18e-07 at 3.0 s -> PASS/PASS
[ 167.5s] key 72 EARLY: DRY f0 523.96 Hz (+2 c) harmonic 0.978 peak 0.03523 | MASTER f0 523.73 Hz (+2 c) harmonic 0.979 peak 0.1196 | NaN 0
[ 167.5s] PASS key 72 engine pitch (EARLY): cells at window start u0 524.76/526.10, end u0 521.04/522.37 | DRY f0 2.6 c from the nearest VCO cell, harmonic 0.978 (law: <= 25 c, >= 0.80)
[ 229.8s] PASS release dry 72: 0.0307 -> 0.00775 | PASS release master: 0.0913 -> 0.0274 (24000 samples) | 3 s tail rule: dry 0 master 8.55e-08 at 3.0 s -> PASS/PASS
[ 229.8s] DRY    PASS pitch tracks keys by +0 semitones (offsets +4, +7, +2 cents) (patch VCO1 RANGE predicts +0) | every key on its engine cell: True
[ 229.8s] MASTER PASS pitch tracks keys by +0 semitones (offsets +4, +6, +2 cents)
[ 229.8s] PASS NaN census 0; faults after static init 0
[ 229.8s] S3 estimate (idle): 29960 x86 instr/sample x 1.75 = 52430 cyc/sample = 524% of 10,000 cyc/sample @48k (count PROVEN on this oracle; 1.75 calibration INFERRED)
[ 229.8s] S3 estimate (sustain): 29983 x86 instr/sample x 1.75 = 52471 cyc/sample = 525% of 10,000 cyc/sample @48k (count PROVEN on this oracle; 1.75 calibration INFERRED)
[ 229.8s] JP8 LISTEN sr 44100 patch 10: GREEN
