seed 93 rate=44100.0 patch=63 pre-render events: [('on', 38, 12), ('on', 42, 23), ('on', 39, 101), ('param', 18, 16), ('off', 39)]
== state diff AFTER RECALL, BEFORE ANY EVENT ==
  [recall] v0 blk rel 0: plug 8098ae98 (-1.40216279e-38)  port 00000000 (0)
  [recall] v0 blk rel 4: plug 00000001 (0)  port 00000000 (0)
  [recall] v0 blk rel 20: plug 00000001 (0)  port 00000000 (0)
  [recall] v0 blk rel 56: plug 10a9ac60 (6.69243322e-29)  port 00000000 (0)
  [recall] v0 blk rel 60: plug 00000003 (0)  port 00000000 (0)
  [recall] v0 blk rel 64: plug 10aa5b88 (6.71942032e-29)  port 00000000 (0)
  [recall] v0 blk rel 68: plug 00000003 (0)  port 00000000 (0)
  [recall] v0 blk rel 72: plug 10aa5b88 (6.71942032e-29)  port 00000000 (0)
  [recall] v0 blk rel 76: plug 00000003 (0)  port 00000000 (0)
  [recall] v0 blk rel 80: plug 00000461 (0)  port 00000000 (0)
  [recall] v0 blk rel 88: plug 10aa5bc0 (6.71945402e-29)  port 00000000 (0)
  [recall] v0 blk rel 92: plug 00000003 (0)  port 00000000 (0)
  [recall] v0 blk rel 96: plug 10aad870 (6.73866517e-29)  port 00000000 (0)
  [recall] v0 blk rel 100: plug 00000003 (0)  port 00000000 (0)
  [recall] v0 blk rel 104: plug 10aad870 (6.73866517e-29)  port 00000000 (0)
  [recall] v0 blk rel 108: plug 00000003 (0)  port 00000000 (0)
  [recall] v0 blk rel 112: plug 10aad880 (6.7386748e-29)  port 00000000 (0)
  [recall] v0 blk rel 116: plug 00000003 (0)  port 00000000 (0)
  [recall] v0 blk rel 120: plug 10aad880 (6.7386748e-29)  port 00000000 (0)
  [recall] v0 blk rel 124: plug 00000003 (0)  port 00000000 (0)
  [recall] v0 blk rel 128: plug 10aae4f8 (6.74059592e-29)  port 00000000 (0)
  [recall] v0 blk rel 132: plug 00000003 (0)  port 00000000 (0)
  [recall] v0 blk rel 136: plug 10aae500 (6.74060073e-29)  port 2e618220 (5.12746512e-11)
  [recall] v0 blk rel 140: plug 00000003 (0)  port 00000000 (0)
  [recall] v0 blk rel 144: plug 10aae590 (6.7406874e-29)  port 00000000 (0)
  [recall] v0 blk rel 148: plug 00000003 (0)  port 00000000 (0)
  [recall] v0 blk rel 152: plug 10aae590 (6.7406874e-29)  port 00000000 (0)
  [recall] v0 blk rel 156: plug 00000003 (0)  port 00000000 (0)
  [recall] v0 blk rel 160: plug 00000006 (0)  port 00000000 (0)
  [recall] v0 blk rel 3968: plug 00000000 (0)  port bb23d70a (-0.00249999994)
  [recall] v1 blk rel 3968: plug bae33103 (-0.00173333322)  port bb23d70a (-0.00249999994)
  [recall] v2 blk rel 3968: plug 3b6101c6 (0.00343333324)  port bb23d70a (-0.00249999994)
  [recall] v3 blk rel 3968: plug bbf3d93a (-0.00744166691)  port bb23d70a (-0.00249999994)
  [recall] v4 blk rel 3968: plug 3bda740e (0.00666666683)  port bb23d70a (-0.00249999994)
  [recall] v5 blk rel 3968: plug bba3d70a (-0.00499999989)  port bb23d70a (-0.00249999994)
  [recall] v6 blk rel 3968: plug 3b5a740e (0.00333333341)  port bb23d70a (-0.00249999994)
  [recall] MASTER off 10759360: plug 445c0000 (880)  port 00000000 (0)
  [recall] MASTER off 10759472: plug 3d000000 (0.03125)  port 00000000 (0)
  [recall] MASTER off 10759840: plug 3f29d800 (0.663452148)  port 00000000 (0)
  [recall] MASTER off 11022052: plug 00000002 (0)  port 00000000 (0)
  [recall] total diffs: 41
== state diff AFTER pre-render events, BEFORE render ==
  [pre] v0 blk rel 0: plug 8098ae98 (-1.40216279e-38)  port 00000000 (0)
  [pre] v0 blk rel 4: plug 00000001 (0)  port 00000000 (0)
  [pre] v0 blk rel 20: plug 00000001 (0)  port 00000000 (0)
  [pre] v0 blk rel 56: plug 10a9ac60 (6.69243322e-29)  port 00000000 (0)
  [pre] v0 blk rel 60: plug 00000003 (0)  port 00000000 (0)
  [pre] v0 blk rel 64: plug 10aa5b88 (6.71942032e-29)  port 00000000 (0)
  [pre] v0 blk rel 68: plug 00000003 (0)  port 00000000 (0)
  [pre] v0 blk rel 72: plug 10aa5b88 (6.71942032e-29)  port 00000000 (0)
  [pre] v0 blk rel 76: plug 00000003 (0)  port 00000000 (0)
  [pre] v0 blk rel 80: plug 00000461 (0)  port 00000000 (0)
  [pre] v0 blk rel 88: plug 10aa5bc0 (6.71945402e-29)  port 00000000 (0)
  [pre] v0 blk rel 92: plug 00000003 (0)  port 00000000 (0)
  [pre] v0 blk rel 96: plug 10aad870 (6.73866517e-29)  port 00000000 (0)
  [pre] v0 blk rel 100: plug 00000003 (0)  port 00000000 (0)
  [pre] v0 blk rel 104: plug 10aad870 (6.73866517e-29)  port 00000000 (0)
  [pre] v0 blk rel 108: plug 00000003 (0)  port 00000000 (0)
  [pre] v0 blk rel 112: plug 10aad880 (6.7386748e-29)  port 00000000 (0)
  [pre] v0 blk rel 116: plug 00000003 (0)  port 00000000 (0)
  [pre] v0 blk rel 120: plug 10aad880 (6.7386748e-29)  port 00000000 (0)
  [pre] v0 blk rel 124: plug 00000003 (0)  port 00000000 (0)
  [pre] v0 blk rel 128: plug 10aae4f8 (6.74059592e-29)  port 00000000 (0)
  [pre] v0 blk rel 132: plug 00000003 (0)  port 00000000 (0)
  [pre] v0 blk rel 136: plug 10aae500 (6.74060073e-29)  port 2e618220 (5.12746512e-11)
  [pre] v0 blk rel 140: plug 00000003 (0)  port 00000000 (0)
  [pre] v0 blk rel 144: plug 10aae590 (6.7406874e-29)  port 00000000 (0)
  [pre] v0 blk rel 148: plug 00000003 (0)  port 00000000 (0)
  [pre] v0 blk rel 152: plug 10aae590 (6.7406874e-29)  port 00000000 (0)
  [pre] v0 blk rel 156: plug 00000003 (0)  port 00000000 (0)
  [pre] v0 blk rel 160: plug 00000006 (0)  port 00000000 (0)
  [pre] v0 blk rel 1856: plug 3f800000 (1)  port 00000000 (0)
  [pre] v0 blk rel 3968: plug 00000000 (0)  port bb23d70a (-0.00249999994)
  [pre] v1 blk rel 1856: plug 3f800000 (1)  port 00000000 (0)
  [pre] v1 blk rel 3968: plug bae33103 (-0.00173333322)  port bb23d70a (-0.00249999994)
  [pre] v2 blk rel 1856: plug 3f800000 (1)  port 00000000 (0)
  [pre] v2 blk rel 3968: plug 3b6101c6 (0.00343333324)  port bb23d70a (-0.00249999994)
  [pre] v3 blk rel 1856: plug 3f800000 (1)  port 00000000 (0)
  [pre] v3 blk rel 3968: plug bbf3d93a (-0.00744166691)  port bb23d70a (-0.00249999994)
  [pre] v4 blk rel 1856: plug 3f800000 (1)  port 00000000 (0)
  [pre] v4 blk rel 3968: plug 3bda740e (0.00666666683)  port bb23d70a (-0.00249999994)
  [pre] v4 aux rel 16: plug 3f800000 (1)  port 00000000 (0)
  [pre] total diffs: 52
frame 0: plug aa309c73/aa309c73 port aa309c73/aa309c73
frame 1: plug aa309c73/aa309c73 port aa309c73/aa309c73
frame 2: plug aa309c73/aa309c73 port aa309c73/aa309c73
frame 3: plug aa309c73/aa309c73 port aa309c73/aa309c73
frame 4: plug aa309c73/aa309c73 port aa309c73/aa309c73
frame 5: plug aa309c6f/aa309c6f port aa309c6f/aa309c6f
frame 6: plug aa309dcb/aa309dcb port aa309dcb/aa309dcb
frame 7: plug aa30b3a9/aa30b3a9 port aa30b3a9/aa30b3a9
frame 8: plug aa30cd00/aa30cd00 port aa30cd00/aa30cd00
frame 9: plug aa312eba/aa312eba port aa312eba/aa312eba
frame 10: plug aa244396/aa244396 port aa244394/aa244394   <<< AUDIO DIFF
== state diff at first audio div (frame 10) ==
  [f10] v0 blk rel 0: plug 8098ae98 (-1.40216279e-38)  port 00000000 (0)
  [f10] v0 blk rel 4: plug 00000001 (0)  port 00000000 (0)
  [f10] v0 blk rel 20: plug 00000001 (0)  port 00000000 (0)
  [f10] v0 blk rel 32: plug 00000000 (0)  port a9a44394 (-7.29478598e-14)
  [f10] v0 blk rel 36: plug 00000000 (0)  port a9a44394 (-7.29478598e-14)
  [f10] v0 blk rel 56: plug 10a9ac60 (6.69243322e-29)  port 00000000 (0)
  [f10] v0 blk rel 60: plug 00000003 (0)  port 00000000 (0)
  [f10] v0 blk rel 64: plug 10aa5b88 (6.71942032e-29)  port 00000000 (0)
  [f10] v0 blk rel 68: plug 00000003 (0)  port 00000000 (0)
  [f10] v0 blk rel 72: plug 10aa5b88 (6.71942032e-29)  port 00000000 (0)
  [f10] v0 blk rel 76: plug 00000003 (0)  port 00000000 (0)
  [f10] v0 blk rel 80: plug 00000461 (0)  port 00000000 (0)
  [f10] v0 blk rel 88: plug 10aa5bc0 (6.71945402e-29)  port 00000000 (0)
  [f10] v0 blk rel 92: plug 00000003 (0)  port 00000000 (0)
  [f10] v0 blk rel 96: plug 10aad870 (6.73866517e-29)  port 00000000 (0)
  [f10] v0 blk rel 100: plug 00000003 (0)  port 00000000 (0)
  [f10] v0 blk rel 104: plug 10aad870 (6.73866517e-29)  port 00000000 (0)
  [f10] v0 blk rel 108: plug 00000003 (0)  port 00000000 (0)
  [f10] v0 blk rel 112: plug 10aad880 (6.7386748e-29)  port 00000000 (0)
  [f10] v0 blk rel 116: plug 00000003 (0)  port 00000000 (0)
  [f10] v0 blk rel 120: plug 10aad880 (6.7386748e-29)  port 00000000 (0)
  [f10] v0 blk rel 124: plug 00000003 (0)  port 00000000 (0)
  [f10] v0 blk rel 128: plug 10aae4f8 (6.74059592e-29)  port 00000000 (0)
  [f10] v0 blk rel 132: plug 00000003 (0)  port 00000000 (0)
  [f10] v0 blk rel 136: plug 10aae500 (6.74060073e-29)  port 2e618220 (5.12746512e-11)
  [f10] v0 blk rel 140: plug 00000003 (0)  port 00000000 (0)
  [f10] v0 blk rel 144: plug 10aae590 (6.7406874e-29)  port 00000000 (0)
  [f10] v0 blk rel 148: plug 00000003 (0)  port 00000000 (0)
  [f10] v0 blk rel 152: plug 10aae590 (6.7406874e-29)  port 00000000 (0)
  [f10] v0 blk rel 156: plug 00000003 (0)  port 00000000 (0)
  [f10] v0 blk rel 160: plug 00000006 (0)  port 00000000 (0)
  [f10] v0 blk rel 1488: plug 3f800000 (1)  port 00000000 (0)
  [f10] v0 blk rel 1504: plug 3dcb9af1 (0.099416621)  port 3dded14e (0.108797655)
  [f10] v0 blk rel 1520: plug 3db830ce (0.0899368376)  port 3dcb9af1 (0.099416621)
  [f10] v0 blk rel 1840: plug 3f800000 (1)  port 00000000 (0)
  [f10] v0 blk rel 1856: plug 3f800000 (1)  port 00000000 (0)
  [f10] v0 blk rel 3520: plug bd5a092b (-0.0532313995)  port bd5a0920 (-0.0532313585)
  [f10] v0 blk rel 3536: plug bd3f23cb (-0.0466649942)  port bd3f23d9 (-0.0466650464)
  [f10] v0 blk rel 3776: plug 400004f7 (2.00030303)  port 3fffb802 (1.99780297)
  [f10] v0 blk rel 3968: plug 00000000 (0)  port bb23d70a (-0.00249999994)
  [f10] total diffs: 681
