esptool v5.3.1
Serial port COM5:
Connecting....
Connected to ESP32-S3 on COM5:
Chip type:          ESP32-S3 (QFN56) (revision v0.2)
Features:           Wi-Fi, BT 5 (LE), Dual Core + LP Core, 240MHz, Embedded PSRAM 8MB (AP_3v3)
Crystal frequency:  40MHz
MAC:                e8:f6:0a:a7:d7:0c

Uploading stub flasher...
Running stub flasher...
Stub flasher running.
Changing baud rate to 460800...
Changed.

Configuring flash size...

Writing 'bootloader.bin' at 0x00000000...
SHA digest in image updated.
Flash will be erased from 0x00000000 to 0x00005fff...
Compressed 20912 bytes to 13362...

Writing at 0x00000000 [                              ]   0.0% 0/13362 bytes... 

Writing at 0x000051b0 [==============================] 100.0% 13362/13362 bytes... 
Wrote 20912 bytes (13362 compressed) at 0x00000000 in 0.5 seconds (365.4 kbit/s).
Verifying written data...
Hash of data verified.

Writing 'partitiontable.bin' at 0x00008000...
Flash will be erased from 0x00008000 to 0x00008fff...
Compressed 3072 bytes to 105...

Writing at 0x00008000 [                              ]   0.0% 0/105 bytes... 

Writing at 0x00008c00 [==============================] 100.0% 105/105 bytes... 
Wrote 3072 bytes (105 compressed) at 0x00008000 in 0.0 seconds (978.4 kbit/s).
Verifying written data...
Hash of data verified.

Writing 'juno_s3.bin' at 0x00010000...
Flash will be erased from 0x00010000 to 0x0017afff...
Compressed 1486400 bytes to 872889...

Writing at 0x00010000 [                              ]   0.0% 0/872889 bytes... 

Writing at 0x0001b309 [                              ]   1.9% 16384/872889 bytes... 

Writing at 0x0002b24c [>                             ]   3.8% 32768/872889 bytes... 

Writing at 0x00031f35 [>                             ]   5.6% 49152/872889 bytes... 

Writing at 0x00038cb9 [=>                            ]   7.5% 65536/872889 bytes... 

Writing at 0x0003f912 [=>                            ]   9.4% 81920/872889 bytes... 

Writing at 0x00046574 [==>                           ]  11.3% 98304/872889 bytes... 

Writing at 0x0004d149 [==>                           ]  13.1% 114688/872889 bytes... 

Writing at 0x00053c8e [===>                          ]  15.0% 131072/872889 bytes... 

Writing at 0x0005a7d7 [====>                         ]  16.9% 147456/872889 bytes... 

Writing at 0x000612d7 [====>                         ]  18.8% 163840/872889 bytes... 

Writing at 0x00067e11 [=====>                        ]  20.6% 180224/872889 bytes... 

Writing at 0x0006e951 [=====>                        ]  22.5% 196608/872889 bytes... 

Writing at 0x000754c4 [======>                       ]  24.4% 212992/872889 bytes... 

Writing at 0x0007c07a [======>                       ]  26.3% 229376/872889 bytes... 

Writing at 0x00082b49 [=======>                      ]  28.2% 245760/872889 bytes... 

Writing at 0x000896ce [========>                     ]  30.0% 262144/872889 bytes... 

Writing at 0x00090f61 [========>                     ]  31.9% 278528/872889 bytes... 

Writing at 0x00097a08 [=========>                    ]  33.8% 294912/872889 bytes... 

Writing at 0x0009e380 [=========>                    ]  35.7% 311296/872889 bytes... 

Writing at 0x000a4d1e [==========>                   ]  37.5% 327680/872889 bytes... 

Writing at 0x000ab742 [==========>                   ]  39.4% 344064/872889 bytes... 

Writing at 0x000b23ca [===========>                  ]  41.3% 360448/872889 bytes... 

Writing at 0x000b8f10 [===========>                  ]  43.2% 376832/872889 bytes... 

Writing at 0x000bfbd1 [============>                 ]  45.0% 393216/872889 bytes... 

Writing at 0x000c6917 [=============>                ]  46.9% 409600/872889 bytes... 

Writing at 0x000cd551 [=============>                ]  48.8% 425984/872889 bytes... 

Writing at 0x000d4315 [==============>               ]  50.7% 442368/872889 bytes... 

Writing at 0x000db0b3 [==============>               ]  52.6% 458752/872889 bytes... 

Writing at 0x000e1b89 [===============>              ]  54.4% 475136/872889 bytes... 

Writing at 0x000e86b5 [===============>              ]  56.3% 491520/872889 bytes... 

Writing at 0x000ef18e [================>             ]  58.2% 507904/872889 bytes... 

Writing at 0x000f5c4c [=================>            ]  60.1% 524288/872889 bytes... 

Writing at 0x000fc7d5 [=================>            ]  61.9% 540672/872889 bytes... 

Writing at 0x00101b16 [==================>           ]  63.8% 557056/872889 bytes... 

Writing at 0x00106568 [==================>           ]  65.7% 573440/872889 bytes... 

Writing at 0x0010cdc0 [===================>          ]  67.6% 589824/872889 bytes... 

Writing at 0x00111e28 [===================>          ]  69.4% 606208/872889 bytes... 

Writing at 0x00118b8c [====================>         ]  71.3% 622592/872889 bytes... 

Writing at 0x0011e3a9 [====================>         ]  73.2% 638976/872889 bytes... 

Writing at 0x00126d15 [=====================>        ]  75.1% 655360/872889 bytes... 

Writing at 0x00131608 [======================>       ]  77.0% 671744/872889 bytes... 

Writing at 0x001372d4 [======================>       ]  78.8% 688128/872889 bytes... 

Writing at 0x0013cc5c [=======================>      ]  80.7% 704512/872889 bytes... 

Writing at 0x00141c81 [=======================>      ]  82.6% 720896/872889 bytes... 

Writing at 0x0014816d [========================>     ]  84.5% 737280/872889 bytes... 

Writing at 0x0014e1c4 [========================>     ]  86.3% 753664/872889 bytes... 

Writing at 0x00153db8 [=========================>    ]  88.2% 770048/872889 bytes... 

Writing at 0x00159b96 [==========================>   ]  90.1% 786432/872889 bytes... 

Writing at 0x00161054 [==========================>   ]  92.0% 802816/872889 bytes... 

Writing at 0x0016801b [===========================>  ]  93.8% 819200/872889 bytes... 

Writing at 0x0016e0c9 [===========================>  ]  95.7% 835584/872889 bytes... 

Writing at 0x0017394f [============================> ]  97.6% 851968/872889 bytes... 

Writing at 0x00178faa [============================> ]  99.5% 868352/872889 bytes... 

Writing at 0x0017ae40 [==============================] 100.0% 872889/872889 bytes... 
Wrote 1486400 bytes (872889 compressed) at 0x00010000 in 20.9 seconds (568.9 kbit/s).
Verifying written data...
Hash of data verified.

Hard resetting via RTS pin...
