esptool v5.3.1
Serial port COM9:
Connecting....
Connected to ESP32-S3 on COM9:
Chip type:          ESP32-S3 (QFN56) (revision v0.2)
Features:           Wi-Fi, BT 5 (LE), Dual Core + LP Core, 240MHz, Embedded PSRAM 8MB (AP_3v3)
Crystal frequency:  40MHz
MAC:                e8:f6:0a:a8:3c:04

Uploading stub flasher...
Running stub flasher...
Stub flasher running.
Changing baud rate to 460800...
Changed.

Configuring flash size...

Writing 'bootloader.bin' at 0x00000000...
SHA digest in image updated.
Flash will be erased from 0x00000000 to 0x00005fff...
Compressed 20912 bytes to 13363...

Writing at 0x00000000 [                              ]   0.0% 0/13363 bytes... 

Writing at 0x000051b0 [==============================] 100.0% 13363/13363 bytes... 
Wrote 20912 bytes (13363 compressed) at 0x00000000 in 0.5 seconds (359.4 kbit/s).
Verifying written data...
Hash of data verified.

Writing 'partitiontable.bin' at 0x00008000...
Flash will be erased from 0x00008000 to 0x00008fff...
Compressed 3072 bytes to 105...

Writing at 0x00008000 [                              ]   0.0% 0/105 bytes... 

Writing at 0x00008c00 [==============================] 100.0% 105/105 bytes... 
Wrote 3072 bytes (105 compressed) at 0x00008000 in 0.0 seconds (923.4 kbit/s).
Verifying written data...
Hash of data verified.

Writing 'juno_s3.bin' at 0x00010000...
Flash will be erased from 0x00010000 to 0x0017afff...
Compressed 1484944 bytes to 871877...

Writing at 0x00010000 [                              ]   0.0% 0/871877 bytes... 

Writing at 0x0001b482 [                              ]   1.9% 16384/871877 bytes... 

Writing at 0x0002b225 [>                             ]   3.8% 32768/871877 bytes... 

Writing at 0x00031f06 [>                             ]   5.6% 49152/871877 bytes... 

Writing at 0x00038c98 [=>                            ]   7.5% 65536/871877 bytes... 

Writing at 0x0003f902 [=>                            ]   9.4% 81920/871877 bytes... 

Writing at 0x00046523 [==>                           ]  11.3% 98304/871877 bytes... 

Writing at 0x0004d124 [==>                           ]  13.2% 114688/871877 bytes... 

Writing at 0x00053c67 [===>                          ]  15.0% 131072/871877 bytes... 

Writing at 0x0005a7c5 [====>                         ]  16.9% 147456/871877 bytes... 

Writing at 0x000612cc [====>                         ]  18.8% 163840/871877 bytes... 

Writing at 0x00067de1 [=====>                        ]  20.7% 180224/871877 bytes... 

Writing at 0x0006e914 [=====>                        ]  22.5% 196608/871877 bytes... 

Writing at 0x00075498 [======>                       ]  24.4% 212992/871877 bytes... 

Writing at 0x0007c04e [======>                       ]  26.3% 229376/871877 bytes... 

Writing at 0x00082b1d [=======>                      ]  28.2% 245760/871877 bytes... 

Writing at 0x000896ca [========>                     ]  30.1% 262144/871877 bytes... 

Writing at 0x00090f32 [========>                     ]  31.9% 278528/871877 bytes... 

Writing at 0x000979da [=========>                    ]  33.8% 294912/871877 bytes... 

Writing at 0x0009e359 [=========>                    ]  35.7% 311296/871877 bytes... 

Writing at 0x000a4d06 [==========>                   ]  37.6% 327680/871877 bytes... 

Writing at 0x000ab719 [==========>                   ]  39.5% 344064/871877 bytes... 

Writing at 0x000b23a1 [===========>                  ]  41.3% 360448/871877 bytes... 

Writing at 0x000b8f01 [===========>                  ]  43.2% 376832/871877 bytes... 

Writing at 0x000bfba6 [============>                 ]  45.1% 393216/871877 bytes... 

Writing at 0x000c6901 [=============>                ]  47.0% 409600/871877 bytes... 

Writing at 0x000cd548 [=============>                ]  48.9% 425984/871877 bytes... 

Writing at 0x000d42d8 [==============>               ]  50.7% 442368/871877 bytes... 

Writing at 0x000db090 [==============>               ]  52.6% 458752/871877 bytes... 

Writing at 0x000e1b5c [===============>              ]  54.5% 475136/871877 bytes... 

Writing at 0x000e868f [===============>              ]  56.4% 491520/871877 bytes... 

Writing at 0x000ef162 [================>             ]  58.3% 507904/871877 bytes... 

Writing at 0x000f5c23 [=================>            ]  60.1% 524288/871877 bytes... 

Writing at 0x000fc7c9 [=================>            ]  62.0% 540672/871877 bytes... 

Writing at 0x00101a89 [==================>           ]  63.9% 557056/871877 bytes... 

Writing at 0x001064c2 [==================>           ]  65.8% 573440/871877 bytes... 

Writing at 0x0010cd70 [===================>          ]  67.6% 589824/871877 bytes... 

Writing at 0x00111df1 [===================>          ]  69.5% 606208/871877 bytes... 

Writing at 0x00118b5d [====================>         ]  71.4% 622592/871877 bytes... 

Writing at 0x0011e316 [====================>         ]  73.3% 638976/871877 bytes... 

Writing at 0x00126cf0 [=====================>        ]  75.2% 655360/871877 bytes... 

Writing at 0x001317a5 [======================>       ]  77.0% 671744/871877 bytes... 

Writing at 0x001373e8 [======================>       ]  78.9% 688128/871877 bytes... 

Writing at 0x0013cd4b [=======================>      ]  80.8% 704512/871877 bytes... 

Writing at 0x00141ea8 [=======================>      ]  82.7% 720896/871877 bytes... 

Writing at 0x00148332 [========================>     ]  84.6% 737280/871877 bytes... 

Writing at 0x0014e31b [========================>     ]  86.4% 753664/871877 bytes... 

Writing at 0x00154008 [=========================>    ]  88.3% 770048/871877 bytes... 

Writing at 0x0015a847 [==========================>   ]  90.2% 786432/871877 bytes... 

Writing at 0x00161126 [==========================>   ]  92.1% 802816/871877 bytes... 

Writing at 0x00167f74 [===========================>  ]  94.0% 819200/871877 bytes... 

Writing at 0x0016e163 [===========================>  ]  95.8% 835584/871877 bytes... 

Writing at 0x001738ba [============================> ]  97.7% 851968/871877 bytes... 

Writing at 0x00178ef8 [============================> ]  99.6% 868352/871877 bytes... 

Writing at 0x0017a890 [==============================] 100.0% 871877/871877 bytes... 
Wrote 1484944 bytes (871877 compressed) at 0x00010000 in 33.8 seconds (351.5 kbit/s).
Verifying written data...
Hash of data verified.

Hard resetting via RTS pin...
