Not initializing SPI Flash
Warning: both -bios and -kernel arguments specified. Only loading the the -kernel file.
=EBQ START=
NSAMP 12500 NVOICE 8 DELAYLEN 32768
SIZEOF reverb_state 199640 delay_state 262256 chorus_state 4248 vstate8 5472
REGION env CALLS 200000 TOT 670961
REGION cvgate CALLS 100000 TOT 1160023
REGION modcv CALLS 100000 TOT 371818
REGION pitch_dbl CALLS 100000 TOT 14548647
REGION vcf_cv CALLS 100000 TOT 1452133
REGION dco_step4 CALLS 100000 TOT 4790483
REGION decim CALLS 100000 TOT 1156049
REGION nsvf CALLS 100000 TOT 136018
REGION vcf CALLS 100000 TOT 4425030
REGION vca CALLS 100000 TOT 1559862
REGION noise_lfsr CALLS 12500 TOT 1012
REGION chorus CALLS 12500 TOT 302244
REGION delay CALLS 12500 TOT 728979
REGION reverb CALLS 12500 TOT 785462
REGION sample_total CALLS 12500 TOT 34002532
REGION cal CALLS 25000 TOT 1010
SINK env 0x48ae9124
SINK cvgate 0x4839b8b9
SINK modcv 0x48346065
SINK pitch_dbl 0x4a3bd250
SINK vcf_cv 0x4612d9b9
SINK dco_step4 0x46901df6
SINK decim 0x46af5225
SINK nsvf 0x4396cb26
SINK vcf 0x45d87ec0
SINK vca 0xba63c54a
SINK noise_lfsr 0x427900c8
SINK chorus 0xbc540597
SINK delay 0xbc597a82
SINK reverb 0xb9226500
SINK sample_total 0x00000000
SINK cal 0x00000000
ACC 0x468b1fa8
OVERRUN delay 0 reverb 0
=EBQ DONE=
qemu-system-xtensa: terminating on signal 15 from pid 3602 (timeout)
